2026-22-01 15:01:14.299 INFO  [restartedMain] c.code.EnotesApiServicesApplication - Starting EnotesApiServicesApplication using Java 21.0.6 with PID 17296 (D:\SpringBootProject\Enotes_Api_Services\target\classes started by Admin in D:\SpringBootProject\Enotes_Api_Services)
2026-22-01 15:01:14.300 INFO  [restartedMain] c.code.EnotesApiServicesApplication - The following 1 profile is active: "dev"
2026-22-01 15:01:14.769 INFO  [restartedMain] o.s.d.r.c.RepositoryConfigurationDelegate - Bootstrapping Spring Data JPA repositories in DEFAULT mode.
2026-22-01 15:01:14.806 INFO  [restartedMain] o.s.d.r.c.RepositoryConfigurationDelegate - Finished Spring Data repository scanning in 33 ms. Found 7 JPA repository interfaces.
2026-22-01 15:01:15.086 INFO  [restartedMain] o.s.boot.tomcat.TomcatWebServer - Tomcat initialized with port 8080 (http)
2026-22-01 15:01:15.088 INFO  [restartedMain] o.a.catalina.core.StandardService - Starting service [Tomcat]
2026-22-01 15:01:15.089 INFO  [restartedMain] o.a.catalina.core.StandardEngine - Starting Servlet engine: [Apache Tomcat/11.0.22]
2026-22-01 15:01:15.134 INFO  [restartedMain] o.s.b.w.c.s.WebApplicationContextInitializer - Root WebApplicationContext: initialization completed in 829 ms
2026-22-01 15:01:15.322 INFO  [restartedMain] org.hibernate.orm.jpa - HHH008540: Processing PersistenceUnitInfo [name: default]
2026-22-01 15:01:15.426 INFO  [restartedMain] o.s.o.j.p.SpringPersistenceUnitInfo - No LoadTimeWeaver setup: ignoring JPA class transformer
2026-22-01 15:01:15.430 INFO  [restartedMain] com.zaxxer.hikari.HikariDataSource - HikariPool-23 - Starting...
2026-22-01 15:01:15.480 INFO  [restartedMain] com.zaxxer.hikari.pool.HikariPool - HikariPool-23 - Added connection com.mysql.cj.jdbc.ConnectionImpl@6e1544d9
2026-22-01 15:01:15.482 INFO  [restartedMain] com.zaxxer.hikari.HikariDataSource - HikariPool-23 - Start completed.
2026-22-01 15:01:15.486 INFO  [restartedMain] o.hibernate.orm.connections.pooling - HHH10001005: Database info:
	Database JDBC URL [jdbc:mysql://localhost:3306/enotes_dev]
	Database driver: MySQL Connector/J
	Database dialect: MySQLDialect
	Database version: 8.0.36
	Default catalog/schema: enotes_dev/undefined
	Autocommit mode: undefined/unknown
	Isolation level: REPEATABLE_READ [default REPEATABLE_READ]
	JDBC fetch size: none
	Pool: DataSourceConnectionProvider
	Minimum pool size: undefined/unknown
	Maximum pool size: undefined/unknown
2026-22-01 15:01:15.806 INFO  [restartedMain] org.hibernate.orm.core - HHH000489: No JTA platform available (set 'hibernate.transaction.jta.platform' to enable JTA platform integration)
2026-22-01 15:01:15.809 INFO  [restartedMain] o.s.o.j.LocalContainerEntityManagerFactoryBean - Initialized JPA EntityManagerFactory for persistence unit 'default'
2026-22-01 15:01:16.269 INFO  [restartedMain] o.s.s.c.a.a.c.InitializeAuthenticationProviderBeanManagerConfigurer$InitializeAuthenticationProviderManagerConfigurer - Global AuthenticationManager configured with AuthenticationProvider bean with name authenticationProvider
2026-22-01 15:01:16.269 WARN  [restartedMain] o.s.s.c.a.a.c.InitializeUserDetailsBeanManagerConfigurer$InitializeUserDetailsManagerConfigurer - Global AuthenticationManager configured with an AuthenticationProvider bean. UserDetailsService beans will not be used by Spring Security for automatically configuring username/password login. Consider removing the AuthenticationProvider bean. Alternatively, consider using the UserDetailsService in a manually instantiated DaoAuthenticationProvider. If the current configuration is intentional, to turn off this warning, increase the logging level of 'org.springframework.security.config.annotation.authentication.configuration.InitializeUserDetailsBeanManagerConfigurer' to ERROR
2026-22-01 15:01:16.319 WARN  [restartedMain] o.s.b.j.a.JpaBaseConfiguration$JpaWebConfiguration - spring.jpa.open-in-view is enabled by default. Therefore, database queries may be performed during view rendering. Explicitly configure spring.jpa.open-in-view to disable this warning
2026-22-01 15:01:16.872 INFO  [restartedMain] o.s.boot.tomcat.TomcatWebServer - Tomcat started on port 8080 (http) with context path '/'
2026-22-01 15:01:16.877 INFO  [restartedMain] c.code.EnotesApiServicesApplication - Started EnotesApiServicesApplication in 2.803 seconds (process running for 5519.324)
2026-22-01 15:01:16.878 INFO  [restartedMain] o.s.b.d.a.ConditionEvaluationDeltaLoggingListener - Condition evaluation unchanged
